// Jest Snapshot v1, https://goo.gl/fbAQLP

exports[`PeriodInfoView renders correctly 1`] = `
<div
  className="sc-AxjAm eSpbeK"
>
  Você está vendo o período 
  <strong>
    Desde o início
  </strong>
  .
</div>
`;
