// Jest Snapshot v1, https://goo.gl/fbAQLP

exports[`InvestmentsChartView renders correctly 1`] = `
<canvas
  height={55}
  width={100}
/>
`;
